cargo :     Finished `dev` profile [unoptimized + debuginfo] target(s) in 1.25s
所在位置 行:1 字符: 1
+ cargo check -p robot_behavior 2> errors.txt; Get-Content errors.txt - ...
+ ~~~~~~~~~~~~~~~~~~~~~~~~~~~~~~~~~~~~~~~~~~~
    + CategoryInfo          : NotSpecified: (    Finished `d...get(s) in 1.25s 
   :String) [], RemoteException
    + FullyQualifiedErrorId : NativeCommandError
 
